▲ Next.js 16.2.12 (Turbopack)
- Local:         http://localhost:3013
- Network:       http://192.168.1.3:3013
✓ Ready in 776ms

 GET / 200 in 3.4s (next.js: 3.1s, application-code: 286ms)
 GET /editor 200 in 2.9s (next.js: 2.9s, application-code: 31ms)
[browser] Detected `scroll-behavior: smooth` on the `<html>` element. To disable smooth scrolling during route transitions, add `data-scroll-behavior="smooth"` to your <html> element. Learn more: https://nextjs.org/docs/messages/missing-data-scroll-behavior (file://D:/pdf writer/app/.next/dev/static/chunks/node_modules_next_dist_1ybzpk2._.js:2489:13)
[browser] The result of getSnapshot should be cached to avoid an infinite loop 
    at mountSyncExternalStore (file://D:/pdf writer/app/.next/dev/static/chunks/node_modules_next_dist_compiled_react-dom_096_9a-._.js:4932:133)
    at Object.useSyncExternalStore (file://D:/pdf writer/app/.next/dev/static/chunks/node_modules_next_dist_compiled_react-dom_096_9a-._.js:15262:20)
    at exports.useSyncExternalStore (file://D:/pdf writer/app/.next/dev/static/chunks/node_modules_next_dist_compiled_1amofcm._.js:1757:36)
    at SignaturePanel (file://D:/pdf writer/app/.next/dev/static/chunks/src_1_ztyc-._.js:1073:209)
    at Object.react_stack_bottom_frame (file://D:/pdf writer/app/.next/dev/static/chunks/node_modules_next_dist_compiled_react-dom_096_9a-._.js:15037:24)
    at renderWithHooks (file://D:/pdf writer/app/.next/dev/static/chunks/node_modules_next_dist_compiled_react-dom_096_9a-._.js:4620:24)
    at updateFunctionComponent (file://D:/pdf writer/app/.next/dev/static/chunks/node_modules_next_dist_compiled_react-dom_096_9a-._.js:6081:21)
    at beginWork (file://D:/pdf writer/app/.next/dev/static/chunks/node_modules_next_dist_compiled_react-dom_096_9a-._.js:6691:24)
    at runWithFiberInDEV (file://D:/pdf writer/app/.next/dev/static/chunks/node_modules_next_dist_compiled_react-dom_096_9a-._.js:965:74)
    at performUnitOfWork (file://D:/pdf writer/app/.next/dev/static/chunks/node_modules_next_dist_compiled_react-dom_096_9a-._.js:9555:97)
    at workLoopSync (file://D:/pdf writer/app/.next/dev/static/chunks/node_modules_next_dist_compiled_react-dom_096_9a-._.js:9449:40)
    at renderRootSync (file://D:/pdf writer/app/.next/dev/static/chunks/node_modules_next_dist_compiled_react-dom_096_9a-._.js:9433:13)
    at performWorkOnRoot (file://D:/pdf writer/app/.next/dev/static/chunks/node_modules_next_dist_compiled_react-dom_096_9a-._.js:9061:186)
    at performWorkOnRootViaSchedulerTask (file://D:/pdf writer/app/.next/dev/static/chunks/node_modules_next_dist_compiled_react-dom_096_9a-._.js:10255:9)
    at MessagePort.performWorkUntilDeadline (file://D:/pdf writer/app/.next/dev/static/chunks/node_modules_next_dist_compiled_1amofcm._.js:2647:64) (file://D:/pdf writer/app/.next/dev/static/chunks/node_modules_next_dist_compiled_react-dom_096_9a-._.js:4932:133)
[browser] ⨯ unhandledRejection: RenderingCancelledException: Rendering cancelled, page 1

[browser] Maximum update depth exceeded. This can happen when a component calls setState inside useEffect, but useEffect either doesn't have a dependency array, or one of the dependencies changes on every render. 
    at getRootForUpdatedFiber (file://D:/pdf writer/app/.next/dev/static/chunks/node_modules_next_dist_compiled_react-dom_096_9a-._.js:2968:143)
    at enqueueConcurrentRenderForLane (file://D:/pdf writer/app/.next/dev/static/chunks/node_modules_next_dist_compiled_react-dom_096_9a-._.js:2955:16)
    at forceStoreRerender (file://D:/pdf writer/app/.next/dev/static/chunks/node_modules_next_dist_compiled_react-dom_096_9a-._.js:5010:20)
    at updateStoreInstance (file://D:/pdf writer/app/.next/dev/static/chunks/node_modules_next_dist_compiled_react-dom_096_9a-._.js:4992:41)
    at Object.react_stack_bottom_frame (file://D:/pdf writer/app/.next/dev/static/chunks/node_modules_next_dist_compiled_react-dom_096_9a-._.js:15087:22)
    at runWithFiberInDEV (file://D:/pdf writer/app/.next/dev/static/chunks/node_modules_next_dist_compiled_react-dom_096_9a-._.js:965:74)
    at commitHookEffectListMount (file://D:/pdf writer/app/.next/dev/static/chunks/node_modules_next_dist_compiled_react-dom_096_9a-._.js:7255:167)
    at commitHookPassiveMountEffects (file://D:/pdf writer/app/.next/dev/static/chunks/node_modules_next_dist_compiled_react-dom_096_9a-._.js:7290:60)
    at commitPassiveMountOnFiber (file://D:/pdf writer/app/.next/dev/static/chunks/node_modules_next_dist_compiled_react-dom_096_9a-._.js:8689:33)
    at recursivelyTraversePassiveMountEffects (file://D:/pdf writer/app/.next/dev/static/chunks/node_modules_next_dist_compiled_react-dom_096_9a-._.js:8676:316)
    at commitPassiveMountOnFiber (file://D:/pdf writer/app/.next/dev/static/chunks/node_modules_next_dist_compiled_react-dom_096_9a-._.js:8750:17)
    at recursivelyTraversePassiveMountEffects (file://D:/pdf writer/app/.next/dev/static/chunks/node_modules_next_dist_compiled_react-dom_096_9a-._.js:8676:316)
    at commitPassiveMountOnFiber (file://D:/pdf writer/app/.next/dev/static/chunks/node_modules_next_dist_compiled_react-dom_096_9a-._.js:8750:17)
    at recursivelyTraversePassiveMountEffects (file://D:/pdf writer/app/.next/dev/static/chunks/node_modules_next_dist_compiled_react-dom_096_9a-._.js:8676:316)
    at commitPassiveMountOnFiber (file://D:/pdf writer/app/.next/dev/static/chunks/node_modules_next_dist_compiled_react-dom_096_9a-._.js:8688:17)
    at recursivelyTraversePassiveMountEffects (file://D:/pdf writer/app/.next/dev/static/chunks/node_modules_next_dist_compiled_react-dom_096_9a-._.js:8676:316)
    at commitPassiveMountOnFiber (file://D:/pdf writer/app/.next/dev/static/chunks/node_modules_next_dist_compiled_react-dom_096_9a-._.js:8750:17)
    at recursivelyTraversePassiveMountEffects (file://D:/pdf writer/app/.next/dev/static/chunks/node_modules_next_dist_compiled_react-dom_096_9a-._.js:8676:316)
    at commitPassiveMountOnFiber (file://D:/pdf writer/app/.next/dev/static/chunks/node_modules_next_dist_compiled_react-dom_096_9a-._.js:8750:17)
    at recursivelyTraversePassiveMountEffects (file://D:/pdf writer/app/.next/dev/static/chunks/node_modules_next_dist_compiled_react-dom_096_9a-._.js:8676:316)
    at commitPassiveMountOnFiber (file://D:/pdf writer/app/.next/dev/static/chunks/node_modules_next_dist_compiled_react-dom_096_9a-._.js:8688:17)
    at recursivelyTraversePassiveMountEffects (file://D:/pdf writer/app/.next/dev/static/chunks/node_modules_next_dist_compiled_react-dom_096_9a-._.js:8676:316)
    at commitPassiveMountOnFiber (file://D:/pdf writer/app/.next/dev/static/chunks/node_modules_next_dist_compiled_react-dom_096_9a-._.js:8750:17)
    at recursivelyTraversePassiveMountEffects (file://D:/pdf writer/app/.next/dev/static/chunks/node_modules_next_dist_compiled_react-dom_096_9a-._.js:8676:316)
    at commitPassiveMountOnFiber (file://D:/pdf writer/app/.next/dev/static/chunks/node_modules_next_dist_compiled_react-dom_096_9a-._.js:8688:17)
    at recursivelyTraversePassiveMountEffects (file://D:/pdf writer/app/.next/dev/static/chunks/node_modules_next_dist_compiled_react-dom_096_9a-._.js:8676:316)
    at commitPassiveMountOnFiber (file://D:/pdf writer/app/.next/dev/static/chunks/node_modules_next_dist_compiled_react-dom_096_9a-._.js:8688:17)
    at recursivelyTraversePassiveMountEffects (file://D:/pdf writer/app/.next/dev/static/chunks/node_modules_next_dist_compiled_react-dom_096_9a-._.js:8676:316)
    at commitPassiveMountOnFiber (file://D:/pdf writer/app/.next/dev/static/chunks/node_modules_next_dist_compiled_react-dom_096_9a-._.js:8688:17)
    at recursivelyTraversePassiveMountEffects (file://D:/pdf writer/app/.next/dev/static/chunks/node_modules_next_dist_compiled_react-dom_096_9a-._.js:8676:316)
    at commitPassiveMountOnFiber (file://D:/pdf writer/app/.next/dev/static/chunks/node_modules_next_dist_compiled_react-dom_096_9a-._.js:8688:17)
    at recursivelyTraversePassiveMountEffects (file://D:/pdf writer/app/.next/dev/static/chunks/node_modules_next_dist_compiled_react-dom_096_9a-._.js:8676:316)
    at commitPassiveMountOnFiber (file://D:/pdf writer/app/.next/dev/static/chunks/node_modules_next_dist_compiled_react-dom_096_9a-._.js:8750:17)
    at recursivelyTraversePassiveMountEffects (file://D:/pdf writer/app/.next/dev/static/chunks/node_modules_next_dist_compiled_react-dom_096_9a-._.js:8676:316)
    at commitPassiveMountOnFiber (file://D:/pdf writer/app/.next/dev/static/chunks/node_modules_next_dist_compiled_react-dom_096_9a-._.js:8750:17)
    at recursivelyTraversePassiveMountEffects (file://D:/pdf writer/app/.next/dev/static/chunks/node_modules_next_dist_compiled_react-dom_096_9a-._.js:8676:316)
    at commitPassiveMountOnFiber (file://D:/pdf writer/app/.next/dev/static/chunks/node_modules_next_dist_compiled_react-dom_096_9a-._.js:8688:17)
    at recursivelyTraversePassiveMountEffects (file://D:/pdf writer/app/.next/dev/static/chunks/node_modules_next_dist_compiled_react-dom_096_9a-._.js:8676:316)
    at commitPassiveMountOnFiber (file://D:/pdf writer/app/.next/dev/static/chunks/node_modules_next_dist_compiled_react-dom_096_9a-._.js:8693:17)
    at recursivelyTraversePassiveMountEffects (file://D:/pdf writer/app/.next/dev/static/chunks/node_modules_next_dist_compiled_react-dom_096_9a-._.js:8676:316)
    at commitPassiveMountOnFiber (file://D:/pdf writer/app/.next/dev/static/chunks/node_modules_next_dist_compiled_react-dom_096_9a-._.js:8688:17)
    at recursivelyTraversePassiveMountEffects (file://D:/pdf writer/app/.next/dev/static/chunks/node_modules_next_dist_compiled_react-dom_096_9a-._.js:8676:316)
    at commitPassiveMountOnFiber (file://D:/pdf writer/app/.next/dev/static/chunks/node_modules_next_dist_compiled_react-dom_096_9a-._.js:8688:17)
    at recursivelyTraversePassiveMountEffects (file://D:/pdf writer/app/.next/dev/static/chunks/node_modules_next_dist_compiled_react-dom_096_9a-._.js:8676:316)
    at commitPassiveMountOnFiber (file://D:/pdf writer/app/.next/dev/static/chunks/node_modules_next_dist_compiled_react-dom_096_9a-._.js:8688:17)
    at recursivelyTraversePassiveMountEffects (file://D:/pdf writer/app/.next/dev/static/chunks/node_modules_next_dist_compiled_react-dom_096_9a-._.js:8676:316)
    at commitPassiveMountOnFiber (file://D:/pdf writer/app/.next/dev/static/chunks/node_modules_next_dist_compiled_react-dom_096_9a-._.js:8688:17)
    at recursivelyTraversePassiveMountEffects (file://D:/pdf writer/app/.next/dev/static/chunks/node_modules_next_dist_compiled_react-dom_096_9a-._.js:8676:316) (file://D:/pdf writer/app/.next/dev/static/chunks/node_modules_next_dist_compiled_react-dom_096_9a-._.js:2968:143)
[browser] Uncaught Error: Maximum update depth exceeded. This can happen when a component repeatedly calls setState inside componentWillUpdate or componentDidUpdate. React limits the number of nested updates to prevent infinite loops.
    at getRootForUpdatedFiber (file://D:/pdf writer/app/.next/dev/static/chunks/node_modules_next_dist_compiled_react-dom_096_9a-._.js:2967:171)
    at enqueueConcurrentRenderForLane (file://D:/pdf writer/app/.next/dev/static/chunks/node_modules_next_dist_compiled_react-dom_096_9a-._.js:2955:16)
    at forceStoreRerender (file://D:/pdf writer/app/.next/dev/static/chunks/node_modules_next_dist_compiled_react-dom_096_9a-._.js:5010:20)
    at updateStoreInstance (file://D:/pdf writer/app/.next/dev/static/chunks/node_modules_next_dist_compiled_react-dom_096_9a-._.js:4992:41)
    at Object.react_stack_bottom_frame (file://D:/pdf writer/app/.next/dev/static/chunks/node_modules_next_dist_compiled_react-dom_096_9a-._.js:15087:22)
    at runWithFiberInDEV (file://D:/pdf writer/app/.next/dev/static/chunks/node_modules_next_dist_compiled_react-dom_096_9a-._.js:965:74)
    at commitHookEffectListMount (file://D:/pdf writer/app/.next/dev/static/chunks/node_modules_next_dist_compiled_react-dom_096_9a-._.js:7255:167)
    at commitHookPassiveMountEffects (file://D:/pdf writer/app/.next/dev/static/chunks/node_modules_next_dist_compiled_react-dom_096_9a-._.js:7290:60)
    at commitPassiveMountOnFiber (file://D:/pdf writer/app/.next/dev/static/chunks/node_modules_next_dist_compiled_react-dom_096_9a-._.js:8689:33)
    at recursivelyTraversePassiveMountEffects (file://D:/pdf writer/app/.next/dev/static/chunks/node_modules_next_dist_compiled_react-dom_096_9a-._.js:8676:316)
    at commitPassiveMountOnFiber (file://D:/pdf writer/app/.next/dev/static/chunks/node_modules_next_dist_compiled_react-dom_096_9a-._.js:8750:17)
    at recursivelyTraversePassiveMountEffects (file://D:/pdf writer/app/.next/dev/static/chunks/node_modules_next_dist_compiled_react-dom_096_9a-._.js:8676:316)
    at commitPassiveMountOnFiber (file://D:/pdf writer/app/.next/dev/static/chunks/node_modules_next_dist_compiled_react-dom_096_9a-._.js:8750:17)
    at recursivelyTraversePassiveMountEffects (file://D:/pdf writer/app/.next/dev/static/chunks/node_modules_next_dist_compiled_react-dom_096_9a-._.js:8676:316)
    at commitPassiveMountOnFiber (file://D:/pdf writer/app/.next/dev/static/chunks/node_modules_next_dist_compiled_react-dom_096_9a-._.js:8688:17)
    at recursivelyTraversePassiveMountEffects (file://D:/pdf writer/app/.next/dev/static/chunks/node_modules_next_dist_compiled_react-dom_096_9a-._.js:8676:316)
    at commitPassiveMountOnFiber (file://D:/pdf writer/app/.next/dev/static/chunks/node_modules_next_dist_compiled_react-dom_096_9a-._.js:8750:17)
    at recursivelyTraversePassiveMountEffects (file://D:/pdf writer/app/.next/dev/static/chunks/node_modules_next_dist_compiled_react-dom_096_9a-._.js:8676:316)
    at commitPassiveMountOnFiber (file://D:/pdf writer/app/.next/dev/static/chunks/node_modules_next_dist_compiled_react-dom_096_9a-._.js:8750:17)
    at recursivelyTraversePassiveMountEffects (file://D:/pdf writer/app/.next/dev/static/chunks/node_modules_next_dist_compiled_react-dom_096_9a-._.js:8676:316)
    at commitPassiveMountOnFiber (file://D:/pdf writer/app/.next/dev/static/chunks/node_modules_next_dist_compiled_react-dom_096_9a-._.js:8688:17)
    at recursivelyTraversePassiveMountEffects (file://D:/pdf writer/app/.next/dev/static/chunks/node_modules_next_dist_compiled_react-dom_096_9a-._.js:8676:316)
    at commitPassiveMountOnFiber (file://D:/pdf writer/app/.next/dev/static/chunks/node_modules_next_dist_compiled_react-dom_096_9a-._.js:8750:17)
    at recursivelyTraversePassiveMountEffects (file://D:/pdf writer/app/.next/dev/static/chunks/node_modules_next_dist_compiled_react-dom_096_9a-._.js:8676:316)
    at commitPassiveMountOnFiber (file://D:/pdf writer/app/.next/dev/static/chunks/node_modules_next_dist_compiled_react-dom_096_9a-._.js:8688:17)
    at recursivelyTraversePassiveMountEffects (file://D:/pdf writer/app/.next/dev/static/chunks/node_modules_next_dist_compiled_react-dom_096_9a-._.js:8676:316)
    at commitPassiveMountOnFiber (file://D:/pdf writer/app/.next/dev/static/chunks/node_modules_next_dist_compiled_react-dom_096_9a-._.js:8688:17)
    at recursivelyTraversePassiveMountEffects (file://D:/pdf writer/app/.next/dev/static/chunks/node_modules_next_dist_compiled_react-dom_096_9a-._.js:8676:316)
    at commitPassiveMountOnFiber (file://D:/pdf writer/app/.next/dev/static/chunks/node_modules_next_dist_compiled_react-dom_096_9a-._.js:8688:17)
    at recursivelyTraversePassiveMountEffects (file://D:/pdf writer/app/.next/dev/static/chunks/node_modules_next_dist_compiled_react-dom_096_9a-._.js:8676:316)
    at commitPassiveMountOnFiber (file://D:/pdf writer/app/.next/dev/static/chunks/node_modules_next_dist_compiled_react-dom_096_9a-._.js:8688:17)
    at recursivelyTraversePassiveMountEffects (file://D:/pdf writer/app/.next/dev/static/chunks/node_modules_next_dist_compiled_react-dom_096_9a-._.js:8676:316)
    at commitPassiveMountOnFiber (file://D:/pdf writer/app/.next/dev/static/chunks/node_modules_next_dist_compiled_react-dom_096_9a-._.js:8750:17)
    at recursivelyTraversePassiveMountEffects (file://D:/pdf writer/app/.next/dev/static/chunks/node_modules_next_dist_compiled_react-dom_096_9a-._.js:8676:316)
    at commitPassiveMountOnFiber (file://D:/pdf writer/app/.next/dev/static/chunks/node_modules_next_dist_compiled_react-dom_096_9a-._.js:8750:17)
    at recursivelyTraversePassiveMountEffects (file://D:/pdf writer/app/.next/dev/static/chunks/node_modules_next_dist_compiled_react-dom_096_9a-._.js:8676:316)
    at commitPassiveMountOnFiber (file://D:/pdf writer/app/.next/dev/static/chunks/node_modules_next_dist_compiled_react-dom_096_9a-._.js:8688:17)
    at recursivelyTraversePassiveMountEffects (file://D:/pdf writer/app/.next/dev/static/chunks/node_modules_next_dist_compiled_react-dom_096_9a-._.js:8676:316)
    at commitPassiveMountOnFiber (file://D:/pdf writer/app/.next/dev/static/chunks/node_modules_next_dist_compiled_react-dom_096_9a-._.js:8693:17)
    at recursivelyTraversePassiveMountEffects (file://D:/pdf writer/app/.next/dev/static/chunks/node_modules_next_dist_compiled_react-dom_096_9a-._.js:8676:316)
    at commitPassiveMountOnFiber (file://D:/pdf writer/app/.next/dev/static/chunks/node_modules_next_dist_compiled_react-dom_096_9a-._.js:8688:17)
    at recursivelyTraversePassiveMountEffects (file://D:/pdf writer/app/.next/dev/static/chunks/node_modules_next_dist_compiled_react-dom_096_9a-._.js:8676:316)
    at commitPassiveMountOnFiber (file://D:/pdf writer/app/.next/dev/static/chunks/node_modules_next_dist_compiled_react-dom_096_9a-._.js:8688:17)
    at recursivelyTraversePassiveMountEffects (file://D:/pdf writer/app/.next/dev/static/chunks/node_modules_next_dist_compiled_react-dom_096_9a-._.js:8676:316)
    at commitPassiveMountOnFiber (file://D:/pdf writer/app/.next/dev/static/chunks/node_modules_next_dist_compiled_react-dom_096_9a-._.js:8688:17)
    at recursivelyTraversePassiveMountEffects (file://D:/pdf writer/app/.next/dev/static/chunks/node_modules_next_dist_compiled_react-dom_096_9a-._.js:8676:316)
    at commitPassiveMountOnFiber (file://D:/pdf writer/app/.next/dev/static/chunks/node_modules_next_dist_compiled_react-dom_096_9a-._.js:8688:17)
    at recursivelyTraversePassiveMountEffects (file://D:/pdf writer/app/.next/dev/static/chunks/node_modules_next_dist_compiled_react-dom_096_9a-._.js:8676:316)
    at commitPassiveMountOnFiber (file://D:/pdf writer/app/.next/dev/static/chunks/node_modules_next_dist_compiled_react-dom_096_9a-._.js:8693:17)
    at recursivelyTraversePassiveMountEffects (file://D:/pdf writer/app/.next/dev/static/chunks/node_modules_next_dist_compiled_react-dom_096_9a-._.js:8676:316)
    at SidePanel (file://D:/pdf writer/app/.next/dev/static/chunks/src_1_ztyc-._.js:3107:239)
    at EditorView (file://D:/pdf writer/app/.next/dev/static/chunks/src_1_ztyc-._.js:3890:216)
    at EditorPage (file://D:/pdf writer/app/.next/dev/static/chunks/src_1_ztyc-._.js:4333:216)
    at ClientPageRoot (file://D:/pdf writer/app/.next/dev/static/chunks/node_modules_next_dist_1e9_p6y._.js:4461:50)
 GET / 200 in 264ms (next.js: 106ms, application-code: 158ms)
 GET /editor 200 in 138ms (next.js: 98ms, application-code: 40ms)
[browser] Detected `scroll-behavior: smooth` on the `<html>` element. To disable smooth scrolling during route transitions, add `data-scroll-behavior="smooth"` to your <html> element. Learn more: https://nextjs.org/docs/messages/missing-data-scroll-behavior (file://D:/pdf writer/app/.next/dev/static/chunks/node_modules_next_dist_1ybzpk2._.js:2489:13)
[browser] ⨯ unhandledRejection: RenderingCancelledException: Rendering cancelled, page 1

 GET / 200 in 78ms (next.js: 7ms, application-code: 71ms)
 GET /editor 200 in 34ms (next.js: 8ms, application-code: 26ms)
[browser] Detected `scroll-behavior: smooth` on the `<html>` element. To disable smooth scrolling during route transitions, add `data-scroll-behavior="smooth"` to your <html> element. Learn more: https://nextjs.org/docs/messages/missing-data-scroll-behavior (file://D:/pdf writer/app/.next/dev/static/chunks/node_modules_next_dist_1ybzpk2._.js:2489:13)
[browser] ⨯ unhandledRejection: RenderingCancelledException: Rendering cancelled, page 1

 GET / 200 in 83ms (next.js: 8ms, application-code: 76ms)
 GET /editor 200 in 27ms (next.js: 6ms, application-code: 21ms)
[browser] Detected `scroll-behavior: smooth` on the `<html>` element. To disable smooth scrolling during route transitions, add `data-scroll-behavior="smooth"` to your <html> element. Learn more: https://nextjs.org/docs/messages/missing-data-scroll-behavior (file://D:/pdf writer/app/.next/dev/static/chunks/node_modules_next_dist_1ybzpk2._.js:2489:13)
[browser] ⨯ unhandledRejection: RenderingCancelledException: Rendering cancelled, page 1

